// Jest Snapshot v1, https://goo.gl/fbAQLP

exports[`Conversation should match snapshot 1`] = `
<View
  style={
    Object {
      "alignItems": "center",
      "backgroundColor": "#000000d6",
      "flex": 1,
      "justifyContent": "flex-start",
    }
  }
>
  <View
    style={
      Object {
        "alignItems": "center",
        "backgroundColor": "#00000069",
        "display": "flex",
        "height": 133.4,
        "justifyContent": "center",
        "padding": 10,
        "position": "absolute",
        "width": "100%",
        "zIndex": 5,
      }
    }
  >
    <Text
      style={
        Object {
          "color": "white",
          "fontSize": 24,
        }
      }
    >
      yourfriend@test.com
    </Text>
  </View>
  <View
    style={
      Object {
        "height": 1200.6000000000001,
        "width": 750,
      }
    }
  >
    <ScrollViewMock>
      <Message
        content="test msg"
        key="0"
        timestamp={
          Object {
            "seconds": "1581031140",
          }
        }
      />
      <Message
        content="good day"
        key="1"
        timestamp={
          Object {
            "seconds": "1581031189",
          }
        }
      />
      <Message
        content="test response"
        key="2"
        timestamp={
          Object {
            "seconds": "1581031231",
          }
        }
      />
    </ScrollViewMock>
  </View>
  <ComposeMessageForm
    from="test@test.com"
    to="yourfriend@test.com"
    updateConversation={[MockFunction]}
  />
</View>
`;
