// Jest Snapshot v1, https://goo.gl/fbAQLP

exports[`ComposeMessageForm should match snapshot 1`] = `
<View
  style={
    Object {
      "backgroundColor": "white",
      "borderRadius": 6,
      "display": "flex",
      "flexDirection": "row",
      "height": 60,
      "position": "absolute",
      "top": 1244,
      "width": 675,
      "zIndex": 5,
    }
  }
>
  <TextInput
    allowFontScaling={true}
    onChangeText={[Function]}
    placeholder="Send a message..."
    rejectResponderTermination={true}
    style={
      Object {
        "fontSize": 18,
        "textAlign": "center",
        "width": "80%",
      }
    }
    underlineColorAndroid="transparent"
    value=""
  />
  <TouchableOpacity
    activeOpacity={0.2}
    onPress={[Function]}
    style={
      Object {
        "alignItems": "center",
        "backgroundColor": "#000000d6",
        "borderColor": "white",
        "borderRadius": 6,
        "borderWidth": 2,
        "display": "flex",
        "justifyContent": "center",
        "width": "20%",
      }
    }
  >
    <Image
      source={1}
      style={
        Object {
          "height": 50,
          "width": 50,
        }
      }
    />
  </TouchableOpacity>
</View>
`;
