// Jest Snapshot v1, https://goo.gl/fbAQLP

exports[`ConversationTab should match snapshot 1`] = `
<TouchableOpacity
  activeOpacity={0.2}
  onLongPress={[Function]}
  onPress={[Function]}
  style={
    Object {
      "alignItems": "center",
      "borderBottomColor": "#6E8F76",
      "borderBottomWidth": 1,
      "display": "flex",
      "flexDirection": "row",
      "height": 166.75,
      "justifyContent": "space-between",
      "paddingHorizontal": 20,
    }
  }
>
  <Text
    style={
      Object {
        "color": "white",
        "fontSize": 18,
      }
    }
  >
    sender
  </Text>
  <Text
    style={
      Object {
        "color": "white",
        "fontSize": 18,
      }
    }
  >
    12:00 PM
  </Text>
</TouchableOpacity>
`;
